<html>
<body>
<pre>
<h1>µVision Build Log</h1>
<h2>Tool Versions:</h2>
IDE-Version: ¶ÃVision V5.29.0.0
Copyright (C) 2019 ARM Ltd and ARM Germany GmbH. All rights reserved.
License Information: A AA, AAA, LIC=BL22Z-JA1WJ-344ST-RA00K-CELBK-7AHBQ
 
Tool Versions:
Toolchain:       MDK-ARM Professional  Version: 5.29.0.0
Toolchain Path:  D:\Program Files (x86)\KEIL\ARM\ARMCC\Bin
C Compiler:      Armcc.exe V5.06 update 6 (build 750)
Assembler:       Armasm.exe V5.06 update 6 (build 750)
Linker/Locator:  ArmLink.exe V5.06 update 6 (build 750)
Library Manager: ArmAr.exe V5.06 update 6 (build 750)
Hex Converter:   FromElf.exe V5.06 update 6 (build 750)
CPU DLL:         SARMCM3.DLL V5.29.0.0
Dialog DLL:      DCM.DLL V1.17.3.0
Target DLL:      Segger\JL2CM3.dll V2.99.36.0
Dialog DLL:      TCM.DLL V1.36.5.0
 
<h2>Project:</h2>
D:\FYF\MyCode\F407_ETH\USER\LWIP.uvprojx
Project File Date:  07/25/2020

<h2>Output:</h2>
*** Using Compiler 'V5.06 update 6 (build 750)', folder: 'D:\Program Files (x86)\KEIL\ARM\ARMCC\Bin'
Build target 'LWIP'
compiling timer.c...
compiling system_stm32f4xx.c...
compiling led.c...
compiling adc.c...
compiling key.c...
compiling beep.c...
compiling LAN8720.c...
compiling main.c...
main.c(105): warning:  #111-D: statement is unreachable
      usmart_dev.init(84); 	//≥ı ºªØUSMART
main.c: 1 warning, 0 errors
compiling temperature.c...
compiling sram.c...
compiling stm32f4xx_it.c...
assembling startup_stm32f40_41xxx.s...
compiling lcd.c...
compiling rtc.c...
compiling misc.c...
compiling stm32f4xx_gpio.c...
compiling stm32f4xx_syscfg.c...
compiling stm32f4xx_usart.c...
compiling stm32f4xx_rcc.c...
compiling stm32f4xx_adc.c...
compiling stm32f4xx_fsmc.c...
compiling stm32f4xx_tim.c...
compiling stm32f4x7_eth.c...
compiling stm32f4xx_rtc.c...
compiling stm32f4xx_exti.c...
compiling stm32f4xx_pwr.c...
compiling delay.c...
compiling sys.c...
compiling usart.c...
compiling usmart_config.c...
compiling usmart.c...
compiling usmart_str.c...
compiling lwip_comm.c...
compiling fs.c...
compiling tcp_client_demo.c...
compiling tcp_server_demo.c...
compiling autoip.c...
compiling etharp.c...
compiling udp_demo.c...
compiling icmp.c...
compiling igmp.c...
compiling inet.c...
compiling inet_chksum.c...
compiling ip_addr.c...
compiling def.c...
compiling ip.c...
compiling httpd_cgi_ssi.c...
compiling dns.c...
compiling ethernetif.c...
compiling httpd.c...
compiling ip_frag.c...
compiling init.c...
compiling memp.c...
compiling netif.c...
compiling stats.c...
compiling dhcp.c...
compiling raw.c...
compiling pbuf.c...
compiling timers.c...
compiling mem.c...
compiling udp.c...
compiling api_lib.c...
compiling tcp.c...
compiling err.c...
compiling tcp_out.c...
..\LWIP\lwip-1.4.1\src\core\tcp_out.c(911): warning:  #550-D: variable "tcphdr"  was set but never used
      struct tcp_hdr *tcphdr;
..\LWIP\lwip-1.4.1\src\core\tcp_out.c(1477): warning:  #550-D: variable "tcphdr"  was set but never used
      struct tcp_hdr *tcphdr;
..\LWIP\lwip-1.4.1\src\core\tcp_out.c: 2 warnings, 0 errors
compiling api_msg.c...
compiling netbuf.c...
compiling tcp_in.c...
compiling netdb.c...
compiling netifapi.c...
compiling sys_arch.c...
compiling sockets.c...
compiling tcpip.c...
compiling malloc.c...
linking...
Program Size: Code=75362 RO-data=7838 RW-data=680 ZI-data=393944  
FromELF: creating hex file...
"..\OBJ\LWIP.axf" - 0 Error(s), 3 Warning(s).

<h2>Software Packages used:</h2>

Package Vendor: Keil
                http://www.keil.com/pack/Keil.STM32F4xx_DFP.2.14.0.pack
                Keil.STM32F4xx_DFP.2.14.0
                STMicroelectronics STM32F4 Series Device Support, Drivers and Examples

<h2>Collection of Component include folders:</h2>
  .\RTE\_LWIP
  D:\Program Files (x86)\KEIL\ARM\PACK\Keil\STM32F4xx_DFP\2.14.0\Drivers\CMSIS\Device\ST\STM32F4xx\Include

<h2>Collection of Component Files used:</h2>
Build Time Elapsed:  00:00:05
</pre>
</body>
</html>
